// Jest Snapshot v1, https://goo.gl/fbAQLP

exports[`Test in <CloseModalBtn /> should show the component correctly 1`] = `
<div>
  <button
    class="btn-outline btn-circle btn absolute top-5 right-4"
  >
    <svg
      class="h-6 w-6"
      fill="none"
      stroke="currentColor"
      viewBox="0 0 24 24"
      xmlns="http://www.w3.org/2000/svg"
    >
      <path
        d="M6 18L18 6M6 6l12 12"
        stroke-linecap="round"
        stroke-linejoin="round"
        stroke-width="2"
      />
    </svg>
  </button>
</div>
`;
