// Jest Snapshot v1, https://goo.gl/fbAQLP

exports[`Test in <FabAddNew /> should show the component correctly 1`] = `
<div>
  <button
    class="btn-info btn-circle btn-lg btn fixed right-4 bottom-4 transition hover:brightness-105 lg:right-8 lg:bottom-6"
    id="add-new-btn"
  >
    <img
      alt="add button"
      class="h-8 w-8 transition"
      src="./icons/add.svg"
    />
  </button>
</div>
`;
